##SEC_STUDENT_CAN_SEE
 signal         |  bin               dec(u)     dec(s)     hex   |
 o16            |  0000000000000000  0           0           0   
##END_STUDENT_CAN_SEE
