##SEC_STUDENT_CAN_SEE
 signal         |  bin       dec   |  PASS?
 ot             |  00000001  1     |  -
 of             |  00000000  0     |  -
 o1             |  00000101  5     |  -
 o2             |  01100101  101   |  -
 o_auto_expand  |  00000101  5     |  -
 o_auto_cut     |  01011001  89    |  -
##END_STUDENT_CAN_SEE
