##SEC_STUDENT_CAN_SEE
 in | out | pass?
-------------
  h | h   | -
  e | e   | -
  l | l   | -
  l | l   | -
  o | o   | -
    |     | -
  w | w   | -
  o | o   | -
  r | r   | -
  l | l   | -
  d | d   | -
##END_STUDENT_CAN_SEE
congratulation
