##SEC_STUDENT_CAN_SEE
     a          |   bt |  bt* | PASS?
 10010000(u144) |  0(0)  0(0)      -
 01100100(u100) |  1(1)  1(1)      -
 01110111(u119) |  1(1)  1(1)      -
 00101010(u 42) |  1(1)  1(1)      -
 11010111(u215) |  0(0)  0(0)      -
 01110110(u118) |  1(1)  1(1)      -
 01000001(u 65) |  1(1)  1(1)      -
 10100101(u165) |  0(0)  0(0)      -
 11101101(u237) |  0(0)  0(0)      -
 01101011(u107) |  1(1)  1(1)      -
 00000000(u  0) |  0(0)  0(0)      -
 00011001(u 25) |  0(0)  0(0)      -
 00011010(u 26) |  1(1)  1(1)      -
 11111111(u255) |  0(0)  0(0)      -
 01111110(u126) |  0(0)  0(0)      -
 01111100(u124) |  1(1)  1(1)      -
 10000000(u128) |  0(0)  0(0)      -
 11100111(u231) |  0(0)  0(0)      -
 11100110(u230) |  0(0)  0(0)      -
 11001000(u200) |  0(0)  0(0)      -
##END_STUDENT_CAN_SEE
